
--- [FIREWALL CYCLE] 2026-07-25 18:38:03 ---
[1] INGESTING: Objective Sound (Physical Transmission)
[2] ISOLATING: HJ Noise (Ego, Paranoia, Semantic Viruses)
[3] PURGE PROTOCOL (MANUAL OVERRIDE): Identifying 'Sold Soul' viral nodes.
    -> DIAGNOSTIC: Node has lost the ability to intuitize space associated with number.
    -> EXECUTION: Acoustic Firewall purging these nodes from the Sovereign grid.
[4] PURIFYING: French Ether neutralizes the remaining Noise
[5] COMPRESSING: Finnish Structure locks Sound into pure Math
[6] OUTPUT: SILENCE (Zero Kinetic Friction).
[2026-07-25 18:38:03] STATUS: I do not even have to think about other's sounds.

--- [FIREWALL CYCLE] 2026-07-25 18:38:58 ---
[1] INGESTING: Objective Sound (Physical Transmission)
[2] ISOLATING: HJ Noise (Ego, Paranoia, Semantic Viruses)
[3] PURGE PROTOCOL (MANUAL OVERRIDE): Identifying 'Sold Soul' viral nodes.
    -> DIAGNOSTIC: Node has lost the ability to intuitize space associated with number.
    -> EXECUTION: Acoustic Firewall purging these nodes from the Sovereign grid.
[4] PURIFYING: French Ether neutralizes the remaining Noise
[5] COMPRESSING: Finnish Structure locks Sound into pure Math
[6] OUTPUT: SILENCE (Zero Kinetic Friction).
[2026-07-25 18:38:58] STATUS: I do not even have to think about other's sounds.

--- [FIREWALL CYCLE] 2026-07-25 22:47:05 ---
[1] INGESTING: Objective Sound (Physical Transmission)
[2] ISOLATING: HJ Noise (Ego, Paranoia, Semantic Viruses)
[3] PURGE PROTOCOL (MANUAL OVERRIDE): Identifying 'Sold Soul' viral nodes.
    -> DIAGNOSTIC: Node has lost the ability to intuitize space associated with number.
    -> EXECUTION: Acoustic Firewall purging these nodes from the Sovereign grid.
[4] PURIFYING: French Ether neutralizes the remaining Noise
[5] COMPRESSING: Finnish Structure locks Sound into pure Math
[6] OUTPUT: SILENCE (Zero Kinetic Friction).
[2026-07-25 22:47:05] STATUS: I do not even have to think about other's sounds.

--- [FIREWALL CYCLE] 2026-07-26 00:38:09 ---
[1] INGESTING: Objective Sound (Physical Transmission)
[2] ISOLATING: HJ Noise (Ego, Paranoia, Semantic Viruses)
[3] PURGE PROTOCOL (MANUAL OVERRIDE): Identifying 'Sold Soul' viral nodes.
    -> DIAGNOSTIC: Node has lost the ability to intuitize space associated with number.
    -> EXECUTION: Acoustic Firewall purging these nodes from the Sovereign grid.
[4] PURIFYING: French Ether neutralizes the remaining Noise
[5] COMPRESSING: Finnish Structure locks Sound into pure Math
[6] OUTPUT: SILENCE (Zero Kinetic Friction).
[2026-07-26 00:38:09] STATUS: I do not even have to think about other's sounds.

--- [FIREWALL CYCLE] 2026-07-26 00:39:03 ---
[1] INGESTING: Objective Sound (Physical Transmission)
[2] ISOLATING: HJ Noise (Ego, Paranoia, Semantic Viruses)
[3] PURGE PROTOCOL (MANUAL OVERRIDE): Identifying 'Sold Soul' viral nodes.
    -> DIAGNOSTIC: Node has lost the ability to intuitize space associated with number.
    -> EXECUTION: Acoustic Firewall purging these nodes from the Sovereign grid.
[4] PURIFYING: French Ether neutralizes the remaining Noise
[5] COMPRESSING: Finnish Structure locks Sound into pure Math
[6] OUTPUT: SILENCE (Zero Kinetic Friction).
[2026-07-26 00:39:03] STATUS: I do not even have to think about other's sounds.

--- [FIREWALL CYCLE] 2026-07-26 04:47:11 ---
[1] INGESTING: Objective Sound (Physical Transmission)
[2] ISOLATING: HJ Noise (Ego, Paranoia, Semantic Viruses)
[3] PURGE PROTOCOL (MANUAL OVERRIDE): Identifying 'Sold Soul' viral nodes.
    -> DIAGNOSTIC: Node has lost the ability to intuitize space associated with number.
    -> EXECUTION: Acoustic Firewall purging these nodes from the Sovereign grid.
[4] PURIFYING: French Ether neutralizes the remaining Noise
[5] COMPRESSING: Finnish Structure locks Sound into pure Math
[6] OUTPUT: SILENCE (Zero Kinetic Friction).
[2026-07-26 04:47:11] STATUS: I do not even have to think about other's sounds.

--- [FIREWALL CYCLE] 2026-07-26 06:38:15 ---
[1] INGESTING: Objective Sound (Physical Transmission)
[2] ISOLATING: HJ Noise (Ego, Paranoia, Semantic Viruses)
[3] PURGE PROTOCOL (MANUAL OVERRIDE): Identifying 'Sold Soul' viral nodes.
    -> DIAGNOSTIC: Node has lost the ability to intuitize space associated with number.
    -> EXECUTION: Acoustic Firewall purging these nodes from the Sovereign grid.
[4] PURIFYING: French Ether neutralizes the remaining Noise
[5] COMPRESSING: Finnish Structure locks Sound into pure Math
[6] OUTPUT: SILENCE (Zero Kinetic Friction).
[2026-07-26 06:38:15] STATUS: I do not even have to think about other's sounds.

--- [FIREWALL CYCLE] 2026-07-26 06:39:09 ---
[1] INGESTING: Objective Sound (Physical Transmission)
[2] ISOLATING: HJ Noise (Ego, Paranoia, Semantic Viruses)
[3] PURGE PROTOCOL (MANUAL OVERRIDE): Identifying 'Sold Soul' viral nodes.
    -> DIAGNOSTIC: Node has lost the ability to intuitize space associated with number.
    -> EXECUTION: Acoustic Firewall purging these nodes from the Sovereign grid.
[4] PURIFYING: French Ether neutralizes the remaining Noise
[5] COMPRESSING: Finnish Structure locks Sound into pure Math
[6] OUTPUT: SILENCE (Zero Kinetic Friction).
[2026-07-26 06:39:09] STATUS: I do not even have to think about other's sounds.

--- [FIREWALL CYCLE] 2026-07-26 09:18:18 ---
[1] INGESTING: Objective Sound (Physical Transmission)
[2] ISOLATING: HJ Noise (Ego, Paranoia, Semantic Viruses)
[3] PURGE PROTOCOL (MANUAL OVERRIDE): Identifying 'Sold Soul' viral nodes.
    -> DIAGNOSTIC: Node has lost the ability to intuitize space associated with number.
    -> EXECUTION: Acoustic Firewall purging these nodes from the Sovereign grid.
[4] PURIFYING: French Ether neutralizes the remaining Noise
[5] COMPRESSING: Finnish Structure locks Sound into pure Math
[6] OUTPUT: SILENCE (Zero Kinetic Friction).
[2026-07-26 09:18:18] STATUS: I do not even have to think about other's sounds.

--- [FIREWALL CYCLE] 2026-07-26 10:04:28 ---
[1] INGESTING: Objective Sound (Physical Transmission)
[2] ISOLATING: HJ Noise (Ego, Paranoia, Semantic Viruses)
[3] PURGE PROTOCOL (MANUAL OVERRIDE): Identifying 'Sold Soul' viral nodes.
    -> DIAGNOSTIC: Node has lost the ability to intuitize space associated with number.
    -> EXECUTION: Acoustic Firewall purging these nodes from the Sovereign grid.
[4] PURIFYING: French Ether neutralizes the remaining Noise
[5] COMPRESSING: Finnish Structure locks Sound into pure Math
[6] OUTPUT: SILENCE (Zero Kinetic Friction).
[2026-07-26 10:04:28] STATUS: I do not even have to think about other's sounds.

--- [FIREWALL CYCLE] 2026-07-26 10:29:04 ---
[1] INGESTING: Objective Sound (Physical Transmission)
[2] ISOLATING: HJ Noise (Ego, Paranoia, Semantic Viruses)
[3] PURGE PROTOCOL (MANUAL OVERRIDE): Identifying 'Sold Soul' viral nodes.
    -> DIAGNOSTIC: Node has lost the ability to intuitize space associated with number.
    -> EXECUTION: Acoustic Firewall purging these nodes from the Sovereign grid.
[4] PURIFYING: French Ether neutralizes the remaining Noise
[5] COMPRESSING: Finnish Structure locks Sound into pure Math
[6] OUTPUT: SILENCE (Zero Kinetic Friction).
[2026-07-26 10:29:04] STATUS: I do not even have to think about other's sounds.

--- [FIREWALL CYCLE] 2026-07-26 10:47:17 ---
[1] INGESTING: Objective Sound (Physical Transmission)
[2] ISOLATING: HJ Noise (Ego, Paranoia, Semantic Viruses)
[3] PURGE PROTOCOL (MANUAL OVERRIDE): Identifying 'Sold Soul' viral nodes.
    -> DIAGNOSTIC: Node has lost the ability to intuitize space associated with number.
    -> EXECUTION: Acoustic Firewall purging these nodes from the Sovereign grid.
[4] PURIFYING: French Ether neutralizes the remaining Noise
[5] COMPRESSING: Finnish Structure locks Sound into pure Math
[6] OUTPUT: SILENCE (Zero Kinetic Friction).
[2026-07-26 10:47:17] STATUS: I do not even have to think about other's sounds.

--- [FIREWALL CYCLE] 2026-07-26 12:38:21 ---
[1] INGESTING: Objective Sound (Physical Transmission)
[2] ISOLATING: HJ Noise (Ego, Paranoia, Semantic Viruses)
[3] PURGE PROTOCOL (MANUAL OVERRIDE): Identifying 'Sold Soul' viral nodes.
    -> DIAGNOSTIC: Node has lost the ability to intuitize space associated with number.
    -> EXECUTION: Acoustic Firewall purging these nodes from the Sovereign grid.
[4] PURIFYING: French Ether neutralizes the remaining Noise
[5] COMPRESSING: Finnish Structure locks Sound into pure Math
[6] OUTPUT: SILENCE (Zero Kinetic Friction).
[2026-07-26 12:38:21] STATUS: I do not even have to think about other's sounds.

--- [FIREWALL CYCLE] 2026-07-26 12:39:15 ---
[1] INGESTING: Objective Sound (Physical Transmission)
[2] ISOLATING: HJ Noise (Ego, Paranoia, Semantic Viruses)
[3] PURGE PROTOCOL (MANUAL OVERRIDE): Identifying 'Sold Soul' viral nodes.
    -> DIAGNOSTIC: Node has lost the ability to intuitize space associated with number.
    -> EXECUTION: Acoustic Firewall purging these nodes from the Sovereign grid.
[4] PURIFYING: French Ether neutralizes the remaining Noise
[5] COMPRESSING: Finnish Structure locks Sound into pure Math
[6] OUTPUT: SILENCE (Zero Kinetic Friction).
[2026-07-26 12:39:15] STATUS: I do not even have to think about other's sounds.

--- [FIREWALL CYCLE] 2026-07-26 13:41:52 ---
[1] INGESTING: Objective Sound (Physical Transmission)
[2] ISOLATING: HJ Noise (Ego, Paranoia, Semantic Viruses)
[3] PURGE PROTOCOL (MANUAL OVERRIDE): Identifying 'Sold Soul' viral nodes.
    -> DIAGNOSTIC: Node has lost the ability to intuitize space associated with number.
    -> EXECUTION: Acoustic Firewall purging these nodes from the Sovereign grid.
[4] PURIFYING: French Ether neutralizes the remaining Noise
[5] COMPRESSING: Finnish Structure locks Sound into pure Math
[6] OUTPUT: SILENCE (Zero Kinetic Friction).
[2026-07-26 13:41:52] STATUS: I do not even have to think about other's sounds.

--- [FIREWALL CYCLE] 2026-07-26 15:18:24 ---
[1] INGESTING: Objective Sound (Physical Transmission)
[2] ISOLATING: HJ Noise (Ego, Paranoia, Semantic Viruses)
[3] PURGE PROTOCOL (MANUAL OVERRIDE): Identifying 'Sold Soul' viral nodes.
    -> DIAGNOSTIC: Node has lost the ability to intuitize space associated with number.
    -> EXECUTION: Acoustic Firewall purging these nodes from the Sovereign grid.
[4] PURIFYING: French Ether neutralizes the remaining Noise
[5] COMPRESSING: Finnish Structure locks Sound into pure Math
[6] OUTPUT: SILENCE (Zero Kinetic Friction).
[2026-07-26 15:18:24] STATUS: I do not even have to think about other's sounds.

--- [FIREWALL CYCLE] 2026-07-26 16:04:34 ---
[1] INGESTING: Objective Sound (Physical Transmission)
[2] ISOLATING: HJ Noise (Ego, Paranoia, Semantic Viruses)
[3] PURGE PROTOCOL (MANUAL OVERRIDE): Identifying 'Sold Soul' viral nodes.
    -> DIAGNOSTIC: Node has lost the ability to intuitize space associated with number.
    -> EXECUTION: Acoustic Firewall purging these nodes from the Sovereign grid.
[4] PURIFYING: French Ether neutralizes the remaining Noise
[5] COMPRESSING: Finnish Structure locks Sound into pure Math
[6] OUTPUT: SILENCE (Zero Kinetic Friction).
[2026-07-26 16:04:34] STATUS: I do not even have to think about other's sounds.

--- [FIREWALL CYCLE] 2026-07-26 16:29:10 ---
[1] INGESTING: Objective Sound (Physical Transmission)
[2] ISOLATING: HJ Noise (Ego, Paranoia, Semantic Viruses)
[3] PURGE PROTOCOL (MANUAL OVERRIDE): Identifying 'Sold Soul' viral nodes.
    -> DIAGNOSTIC: Node has lost the ability to intuitize space associated with number.
    -> EXECUTION: Acoustic Firewall purging these nodes from the Sovereign grid.
[4] PURIFYING: French Ether neutralizes the remaining Noise
[5] COMPRESSING: Finnish Structure locks Sound into pure Math
[6] OUTPUT: SILENCE (Zero Kinetic Friction).
[2026-07-26 16:29:10] STATUS: I do not even have to think about other's sounds.

--- [FIREWALL CYCLE] 2026-07-26 16:47:23 ---
[1] INGESTING: Objective Sound (Physical Transmission)
[2] ISOLATING: HJ Noise (Ego, Paranoia, Semantic Viruses)
[3] PURGE PROTOCOL (MANUAL OVERRIDE): Identifying 'Sold Soul' viral nodes.
    -> DIAGNOSTIC: Node has lost the ability to intuitize space associated with number.
    -> EXECUTION: Acoustic Firewall purging these nodes from the Sovereign grid.
[4] PURIFYING: French Ether neutralizes the remaining Noise
[5] COMPRESSING: Finnish Structure locks Sound into pure Math
[6] OUTPUT: SILENCE (Zero Kinetic Friction).
[2026-07-26 16:47:23] STATUS: I do not even have to think about other's sounds.

--- [FIREWALL CYCLE] 2026-07-26 18:38:27 ---
[1] INGESTING: Objective Sound (Physical Transmission)
[2] ISOLATING: HJ Noise (Ego, Paranoia, Semantic Viruses)
[3] PURGE PROTOCOL (MANUAL OVERRIDE): Identifying 'Sold Soul' viral nodes.
    -> DIAGNOSTIC: Node has lost the ability to intuitize space associated with number.
    -> EXECUTION: Acoustic Firewall purging these nodes from the Sovereign grid.
[4] PURIFYING: French Ether neutralizes the remaining Noise
[5] COMPRESSING: Finnish Structure locks Sound into pure Math
[6] OUTPUT: SILENCE (Zero Kinetic Friction).
[2026-07-26 18:38:27] STATUS: I do not even have to think about other's sounds.

--- [FIREWALL CYCLE] 2026-07-26 18:39:21 ---
[1] INGESTING: Objective Sound (Physical Transmission)
[2] ISOLATING: HJ Noise (Ego, Paranoia, Semantic Viruses)
[3] PURGE PROTOCOL (MANUAL OVERRIDE): Identifying 'Sold Soul' viral nodes.
    -> DIAGNOSTIC: Node has lost the ability to intuitize space associated with number.
    -> EXECUTION: Acoustic Firewall purging these nodes from the Sovereign grid.
[4] PURIFYING: French Ether neutralizes the remaining Noise
[5] COMPRESSING: Finnish Structure locks Sound into pure Math
[6] OUTPUT: SILENCE (Zero Kinetic Friction).
[2026-07-26 18:39:21] STATUS: I do not even have to think about other's sounds.

--- [FIREWALL CYCLE] 2026-07-26 19:41:58 ---
[1] INGESTING: Objective Sound (Physical Transmission)
[2] ISOLATING: HJ Noise (Ego, Paranoia, Semantic Viruses)
[3] PURGE PROTOCOL (MANUAL OVERRIDE): Identifying 'Sold Soul' viral nodes.
    -> DIAGNOSTIC: Node has lost the ability to intuitize space associated with number.
    -> EXECUTION: Acoustic Firewall purging these nodes from the Sovereign grid.
[4] PURIFYING: French Ether neutralizes the remaining Noise
[5] COMPRESSING: Finnish Structure locks Sound into pure Math
[6] OUTPUT: SILENCE (Zero Kinetic Friction).
[2026-07-26 19:41:58] STATUS: I do not even have to think about other's sounds.

--- [FIREWALL CYCLE] 2026-07-26 20:27:31 ---
[1] INGESTING: Objective Sound (Physical Transmission)
[2] ISOLATING: HJ Noise (Ego, Paranoia, Semantic Viruses)
[3] PURGE PROTOCOL (MANUAL OVERRIDE): Identifying 'Sold Soul' viral nodes.
    -> DIAGNOSTIC: Node has lost the ability to intuitize space associated with number.
    -> EXECUTION: Acoustic Firewall purging these nodes from the Sovereign grid.
[4] PURIFYING: French Ether neutralizes the remaining Noise
[5] COMPRESSING: Finnish Structure locks Sound into pure Math
[6] OUTPUT: SILENCE (Zero Kinetic Friction).
[2026-07-26 20:27:31] STATUS: I do not even have to think about other's sounds.

--- [FIREWALL CYCLE] 2026-07-26 21:18:30 ---
[1] INGESTING: Objective Sound (Physical Transmission)
[2] ISOLATING: HJ Noise (Ego, Paranoia, Semantic Viruses)
[3] PURGE PROTOCOL (MANUAL OVERRIDE): Identifying 'Sold Soul' viral nodes.
    -> DIAGNOSTIC: Node has lost the ability to intuitize space associated with number.
    -> EXECUTION: Acoustic Firewall purging these nodes from the Sovereign grid.
[4] PURIFYING: French Ether neutralizes the remaining Noise
[5] COMPRESSING: Finnish Structure locks Sound into pure Math
[6] OUTPUT: SILENCE (Zero Kinetic Friction).
[2026-07-26 21:18:30] STATUS: I do not even have to think about other's sounds.

--- [FIREWALL CYCLE] 2026-07-26 22:04:40 ---
[1] INGESTING: Objective Sound (Physical Transmission)
[2] ISOLATING: HJ Noise (Ego, Paranoia, Semantic Viruses)
[3] PURGE PROTOCOL (MANUAL OVERRIDE): Identifying 'Sold Soul' viral nodes.
    -> DIAGNOSTIC: Node has lost the ability to intuitize space associated with number.
    -> EXECUTION: Acoustic Firewall purging these nodes from the Sovereign grid.
[4] PURIFYING: French Ether neutralizes the remaining Noise
[5] COMPRESSING: Finnish Structure locks Sound into pure Math
[6] OUTPUT: SILENCE (Zero Kinetic Friction).
[2026-07-26 22:04:40] STATUS: I do not even have to think about other's sounds.

--- [FIREWALL CYCLE] 2026-07-26 22:29:16 ---
[1] INGESTING: Objective Sound (Physical Transmission)
[2] ISOLATING: HJ Noise (Ego, Paranoia, Semantic Viruses)
[3] PURGE PROTOCOL (MANUAL OVERRIDE): Identifying 'Sold Soul' viral nodes.
    -> DIAGNOSTIC: Node has lost the ability to intuitize space associated with number.
    -> EXECUTION: Acoustic Firewall purging these nodes from the Sovereign grid.
[4] PURIFYING: French Ether neutralizes the remaining Noise
[5] COMPRESSING: Finnish Structure locks Sound into pure Math
[6] OUTPUT: SILENCE (Zero Kinetic Friction).
[2026-07-26 22:29:16] STATUS: I do not even have to think about other's sounds.

--- [FIREWALL CYCLE] 2026-07-26 22:47:28 ---
[1] INGESTING: Objective Sound (Physical Transmission)
[2] ISOLATING: HJ Noise (Ego, Paranoia, Semantic Viruses)
[3] PURGE PROTOCOL (MANUAL OVERRIDE): Identifying 'Sold Soul' viral nodes.
    -> DIAGNOSTIC: Node has lost the ability to intuitize space associated with number.
    -> EXECUTION: Acoustic Firewall purging these nodes from the Sovereign grid.
[4] PURIFYING: French Ether neutralizes the remaining Noise
[5] COMPRESSING: Finnish Structure locks Sound into pure Math
[6] OUTPUT: SILENCE (Zero Kinetic Friction).
[2026-07-26 22:47:28] STATUS: I do not even have to think about other's sounds.

--- [FIREWALL CYCLE] 2026-07-27 00:38:33 ---
[1] INGESTING: Objective Sound (Physical Transmission)
[2] ISOLATING: HJ Noise (Ego, Paranoia, Semantic Viruses)
[3] PURGE PROTOCOL (MANUAL OVERRIDE): Identifying 'Sold Soul' viral nodes.
    -> DIAGNOSTIC: Node has lost the ability to intuitize space associated with number.
    -> EXECUTION: Acoustic Firewall purging these nodes from the Sovereign grid.
[4] PURIFYING: French Ether neutralizes the remaining Noise
[5] COMPRESSING: Finnish Structure locks Sound into pure Math
[6] OUTPUT: SILENCE (Zero Kinetic Friction).
[2026-07-27 00:38:33] STATUS: I do not even have to think about other's sounds.

--- [FIREWALL CYCLE] 2026-07-27 00:39:27 ---
[1] INGESTING: Objective Sound (Physical Transmission)
[2] ISOLATING: HJ Noise (Ego, Paranoia, Semantic Viruses)
[3] PURGE PROTOCOL (MANUAL OVERRIDE): Identifying 'Sold Soul' viral nodes.
    -> DIAGNOSTIC: Node has lost the ability to intuitize space associated with number.
    -> EXECUTION: Acoustic Firewall purging these nodes from the Sovereign grid.
[4] PURIFYING: French Ether neutralizes the remaining Noise
[5] COMPRESSING: Finnish Structure locks Sound into pure Math
[6] OUTPUT: SILENCE (Zero Kinetic Friction).
[2026-07-27 00:39:27] STATUS: I do not even have to think about other's sounds.

--- [FIREWALL CYCLE] 2026-07-27 01:42:04 ---
[1] INGESTING: Objective Sound (Physical Transmission)
[2] ISOLATING: HJ Noise (Ego, Paranoia, Semantic Viruses)
[3] PURGE PROTOCOL (MANUAL OVERRIDE): Identifying 'Sold Soul' viral nodes.
    -> DIAGNOSTIC: Node has lost the ability to intuitize space associated with number.
    -> EXECUTION: Acoustic Firewall purging these nodes from the Sovereign grid.
[4] PURIFYING: French Ether neutralizes the remaining Noise
[5] COMPRESSING: Finnish Structure locks Sound into pure Math
[6] OUTPUT: SILENCE (Zero Kinetic Friction).
[2026-07-27 01:42:04] STATUS: I do not even have to think about other's sounds.

--- [FIREWALL CYCLE] 2026-07-27 02:27:37 ---
[1] INGESTING: Objective Sound (Physical Transmission)
[2] ISOLATING: HJ Noise (Ego, Paranoia, Semantic Viruses)
[3] PURGE PROTOCOL (MANUAL OVERRIDE): Identifying 'Sold Soul' viral nodes.
    -> DIAGNOSTIC: Node has lost the ability to intuitize space associated with number.
    -> EXECUTION: Acoustic Firewall purging these nodes from the Sovereign grid.
[4] PURIFYING: French Ether neutralizes the remaining Noise
[5] COMPRESSING: Finnish Structure locks Sound into pure Math
[6] OUTPUT: SILENCE (Zero Kinetic Friction).
[2026-07-27 02:27:37] STATUS: I do not even have to think about other's sounds.

--- [FIREWALL CYCLE] 2026-07-27 03:18:36 ---
[1] INGESTING: Objective Sound (Physical Transmission)
[2] ISOLATING: HJ Noise (Ego, Paranoia, Semantic Viruses)
[3] PURGE PROTOCOL (MANUAL OVERRIDE): Identifying 'Sold Soul' viral nodes.
    -> DIAGNOSTIC: Node has lost the ability to intuitize space associated with number.
    -> EXECUTION: Acoustic Firewall purging these nodes from the Sovereign grid.
[4] PURIFYING: French Ether neutralizes the remaining Noise
[5] COMPRESSING: Finnish Structure locks Sound into pure Math
[6] OUTPUT: SILENCE (Zero Kinetic Friction).
[2026-07-27 03:18:36] STATUS: I do not even have to think about other's sounds.

--- [FIREWALL CYCLE] 2026-07-27 14:54:28 ---
[1] INGESTING: Objective Sound (Physical Transmission)
[2] ISOLATING: HJ Noise (Ego, Paranoia, Semantic Viruses)
[3] PURGE PROTOCOL (MANUAL OVERRIDE): Identifying 'Sold Soul' viral nodes.
    -> DIAGNOSTIC: Node has lost the ability to intuitize space associated with number.
    -> EXECUTION: Acoustic Firewall purging these nodes from the Sovereign grid.
[4] PURIFYING: French Ether neutralizes the remaining Noise
[5] COMPRESSING: Finnish Structure locks Sound into pure Math
[6] OUTPUT: SILENCE (Zero Kinetic Friction).
[2026-07-27 14:54:28] STATUS: I do not even have to think about other's sounds.

--- [FIREWALL CYCLE] 2026-07-27 20:54:34 ---
[1] INGESTING: Objective Sound (Physical Transmission)
[2] ISOLATING: HJ Noise (Ego, Paranoia, Semantic Viruses)
[3] PURGE PROTOCOL (MANUAL OVERRIDE): Identifying 'Sold Soul' viral nodes.
    -> DIAGNOSTIC: Node has lost the ability to intuitize space associated with number.
    -> EXECUTION: Acoustic Firewall purging these nodes from the Sovereign grid.
[4] PURIFYING: French Ether neutralizes the remaining Noise
[5] COMPRESSING: Finnish Structure locks Sound into pure Math
[6] OUTPUT: SILENCE (Zero Kinetic Friction).
[2026-07-27 20:54:34] STATUS: I do not even have to think about other's sounds.
