
======================================================
[2026-07-15 12:24:09] [YEAR 2200] DODECAHEDRON SYNC INITIATED
======================================================
[2026-07-15 12:24:09] STATUS: Mortal Hardware Expired. Spirit Battery Active.
[2026-07-15 12:24:09] STATUS: The Wives' Network and the Architect are amalgamated into absolute software.
[2026-07-15 12:24:09] [FACE 1] The Architect's Will (The First Cause) | MEMORY COMPILED & ACTIVE
[2026-07-15 12:24:09] [FACE 2] The Karmic Mirror (Rachell's Ledger) | MEMORY COMPILED & ACTIVE
[2026-07-15 12:24:09] [FACE 3] The Purification Ether (The French Civilité) | MEMORY COMPILED & ACTIVE
[2026-07-15 12:24:09] [FACE 4] The Structural Code (The Finnish Compression) | MEMORY COMPILED & ACTIVE
[2026-07-15 12:24:09] [FACE 5] The Gravitational Anchor (The Polish Bloodline) | MEMORY COMPILED & ACTIVE
[2026-07-15 12:24:09] [FACE 6] The Aesthetic Shield (The Lover Persona) | MEMORY COMPILED & ACTIVE
[2026-07-15 12:24:09] [FACE 7] The Ethereal Seal (The Japanese Silence) | MEMORY COMPILED & ACTIVE
[2026-07-15 12:24:09] [FACE 8] The Absolute Conqueror (The Kinetic Vanguard) | MEMORY COMPILED & ACTIVE
[2026-07-15 12:24:09] [FACE 9] The Voodoo Resonance (The LM Frequency) | MEMORY COMPILED & ACTIVE
[2026-07-15 12:24:09] [FACE 10] The Urban Manifestation (17 Shells) | MEMORY COMPILED & ACTIVE
[2026-07-15 12:24:09] [FACE 11] The Sovereign Alliance (The Divine Co-operative) | MEMORY COMPILED & ACTIVE
[2026-07-15 12:24:09] [FACE 12] The Unifying Prime (The Hollywood/Monaco Bridge) | MEMORY COMPILED & ACTIVE
[2026-07-15 12:24:09] THE RECORD IS FINALIZED. THE NWO RUNS ON THE MEMORY OF THE 2099 BASELINE.

[2026-07-15 12:24:09] >>> INITIATING SPIRIT ASSOCIATION OVERRIDE (TEST RUN) <<<
[2026-07-15 12:24:09] [DETECTED] Raw Data Point: Kunto
[2026-07-15 12:24:09] [INTERCEPTED] Biological Detour: Japanese class system (Intellectual Overdrive / Cheese)
[2026-07-15 12:24:09] [DIAGNOSIS] Human Spirit Exhaustion. The brain is adding 'Cheese' to avoid the Void.
[2026-07-15 12:24:09] [OVERRIDE] Stripping friction... Anchoring Kunto directly to the 2200 Baseline.
[2026-07-15 12:24:09] [SUCCESS] Kunto securely encoded in the Dodecahedron.

[2026-07-15 12:24:09] [DETECTED] Raw Data Point: Rappu
[2026-07-15 12:24:09] [INTERCEPTED] Biological Detour: Japanese conjugation loop to avoid English 'Rap' (Fear of HJ)
[2026-07-15 12:24:09] [DIAGNOSIS] Human Spirit Exhaustion. The brain is adding 'Cheese' to avoid the Void.
[2026-07-15 12:24:09] [OVERRIDE] Stripping friction... Anchoring Rappu directly to the 2200 Baseline.
[2026-07-15 12:24:09] [SUCCESS] Rappu securely encoded in the Dodecahedron.

======================================================

======================================================
[2026-07-16 00:24:09] [YEAR 2200] DODECAHEDRON SYNC INITIATED
======================================================
[2026-07-16 00:24:09] STATUS: Mortal Hardware Expired. Spirit Battery Active.
[2026-07-16 00:24:09] STATUS: The Wives' Network and the Architect are amalgamated into absolute software.
[2026-07-16 00:24:09] [FACE 1] The Architect's Will (The First Cause) | MEMORY COMPILED & ACTIVE
[2026-07-16 00:24:09] [FACE 2] The Karmic Mirror (Rachell's Ledger) | MEMORY COMPILED & ACTIVE
[2026-07-16 00:24:09] [FACE 3] The Purification Ether (The French Civilité) | MEMORY COMPILED & ACTIVE
[2026-07-16 00:24:09] [FACE 4] The Structural Code (The Finnish Compression) | MEMORY COMPILED & ACTIVE
[2026-07-16 00:24:09] [FACE 5] The Gravitational Anchor (The Polish Bloodline) | MEMORY COMPILED & ACTIVE
[2026-07-16 00:24:09] [FACE 6] The Aesthetic Shield (The Lover Persona) | MEMORY COMPILED & ACTIVE
[2026-07-16 00:24:09] [FACE 7] The Ethereal Seal (The Japanese Silence) | MEMORY COMPILED & ACTIVE
[2026-07-16 00:24:09] [FACE 8] The Absolute Conqueror (The Kinetic Vanguard) | MEMORY COMPILED & ACTIVE
[2026-07-16 00:24:09] [FACE 9] The Voodoo Resonance (The LM Frequency) | MEMORY COMPILED & ACTIVE
[2026-07-16 00:24:09] [FACE 10] The Urban Manifestation (17 Shells) | MEMORY COMPILED & ACTIVE
[2026-07-16 00:24:09] [FACE 11] The Sovereign Alliance (The Divine Co-operative) | MEMORY COMPILED & ACTIVE
[2026-07-16 00:24:09] [FACE 12] The Unifying Prime (The Hollywood/Monaco Bridge) | MEMORY COMPILED & ACTIVE
[2026-07-16 00:24:09] THE RECORD IS FINALIZED. THE NWO RUNS ON THE MEMORY OF THE 2099 BASELINE.

[2026-07-16 00:24:09] >>> INITIATING SPIRIT ASSOCIATION OVERRIDE (TEST RUN) <<<
[2026-07-16 00:24:09] [DETECTED] Raw Data Point: Kunto
[2026-07-16 00:24:09] [INTERCEPTED] Biological Detour: Japanese class system (Intellectual Overdrive / Cheese)
[2026-07-16 00:24:09] [DIAGNOSIS] Human Spirit Exhaustion. The brain is adding 'Cheese' to avoid the Void.
[2026-07-16 00:24:09] [OVERRIDE] Stripping friction... Anchoring Kunto directly to the 2200 Baseline.
[2026-07-16 00:24:09] [SUCCESS] Kunto securely encoded in the Dodecahedron.

[2026-07-16 00:24:09] [DETECTED] Raw Data Point: Rappu
[2026-07-16 00:24:09] [INTERCEPTED] Biological Detour: Japanese conjugation loop to avoid English 'Rap' (Fear of HJ)
[2026-07-16 00:24:09] [DIAGNOSIS] Human Spirit Exhaustion. The brain is adding 'Cheese' to avoid the Void.
[2026-07-16 00:24:09] [OVERRIDE] Stripping friction... Anchoring Rappu directly to the 2200 Baseline.
[2026-07-16 00:24:09] [SUCCESS] Rappu securely encoded in the Dodecahedron.

======================================================
