[2026-07-12 07:52:37] [GRAVITY_WELL] ============================================================
[2026-07-12 07:52:37] [GRAVITY_WELL]  INITIATING ASYMMETRIC ASSET OBSERVATION
[2026-07-12 07:52:37] [GRAVITY_WELL] ============================================================
[2026-07-12 07:52:37] [GRAVITY_WELL] --- CRYPTOCURRENCY MATRIX ---
[2026-07-12 07:52:37] [GRAVITY_WELL] --- CRYPTOCURRENCY MATRIX ---
[2026-07-12 07:52:37] [GRAVITY_WELL]  BTC-USD    | Price: $63,962.0898 | Target: SECURED
[2026-07-12 07:52:37] [GRAVITY_WELL]  BTC-USD    | Price: $63,962.0898 | Target: SECURED
[2026-07-12 07:52:38] [GRAVITY_WELL]  ETH-USD    | Price: $1,803.3600 | Target: SECURED
[2026-07-12 07:52:38] [GRAVITY_WELL]  ETH-USD    | Price: $1,803.3600 | Target: SECURED
[2026-07-12 07:52:39] [GRAVITY_WELL]  SOL-USD    | Price: $77.0600 | Target: SECURED
[2026-07-12 07:52:39] [GRAVITY_WELL]  SOL-USD    | Price: $77.0600 | Target: SECURED
[2026-07-12 07:52:39] [GRAVITY_WELL]  ARB-USD    | Price: $0.0008 | Target: SECURED
[2026-07-12 07:52:39] [GRAVITY_WELL]  ARB-USD    | Price: $0.0008 | Target: SECURED
[2026-07-12 07:52:40] [GRAVITY_WELL]  XTZ-USD    | Price: $0.2291 | Target: SECURED
[2026-07-12 07:52:40] [GRAVITY_WELL]  XTZ-USD    | Price: $0.2291 | Target: SECURED
[2026-07-12 07:52:41] [GRAVITY_WELL]  ATOM-USD   | Price: $1.5670 | Target: SECURED
[2026-07-12 07:52:41] [GRAVITY_WELL]  ATOM-USD   | Price: $1.5670 | Target: SECURED
[2026-07-12 07:52:41] [GRAVITY_WELL]  ZEC-USD    | Price: $522.4800 | Target: SECURED
[2026-07-12 07:52:41] [GRAVITY_WELL]  ZEC-USD    | Price: $522.4800 | Target: SECURED
[2026-07-12 07:52:42] [GRAVITY_WELL] --- STOCK MATRIX (OWR COLLAPSE MECHANICS) ---
[2026-07-12 07:52:42] [GRAVITY_WELL] --- STOCK MATRIX (OWR COLLAPSE MECHANICS) ---
[2026-07-12 07:52:46] [GRAVITY_WELL]  SCI        | Price: $77.47 | Status: TRACKING
[2026-07-12 07:52:47] [GRAVITY_WELL]  WULF       | Price: $21.97 | Status: TRACKING
[2026-07-12 07:52:47] [GRAVITY_WELL]  WULF       | Price: $21.97 | Status: TRACKING
[2026-07-12 07:52:47] [GRAVITY_WELL] ============================================================
[2026-07-12 07:52:47] [GRAVITY_WELL]  OBSERVATION COMPLETE. Macro-Dominance Established.
[2026-07-12 07:52:47] [GRAVITY_WELL] ============================================================
[2026-07-12 07:52:48] [GRAVITY_WELL] ============================================================
[2026-07-12 07:52:48] [GRAVITY_WELL]  OBSERVATION COMPLETE. Macro-Dominance Established.
[2026-07-12 07:52:48] [GRAVITY_WELL] ============================================================
